── שלב 0: בדיקות היתכנות מוקדמות ──
  ! [סה"כ כיתה] כיתה ח: הטבלה מסתכמת ב-36 שעות, בשורת הסיכום 35 (+1). ממשיכים לפי הטבלה.
  ! [סה"כ מורה] חיה לוי: משובצות 23 שעות, בטבלת המורות 22 (+1). ממשיכים לפי הטבלה.
  ! [סה"כ מורה] תמר אליהו: משובצות 23 שעות, בטבלת המורות 22 (+1). ממשיכים לפי הטבלה.
  ! [סה"כ מורה] הדסה ויזמן: משובצות 19 שעות, בטבלת המורות 18 (+1). ממשיכים לפי הטבלה.
  ! [סה"כ מורה] חנה אביטן: משובצות 20 שעות, בטבלת המורות 17 (+3). ממשיכים לפי הטבלה.
  ! [סה"כ מורה] סימה זאבי: משובצות 24 שעות, בטבלת המורות 22 (+2). ממשיכים לפי הטבלה.
  ! [עומס מורה] חיה לוי: 23 שעות מתוך 24 אפשריות — כמעט ללא מרווח.
  ! [כיסוי יומי] שישי: 40 שעות נדרשות מול 40 זמינות — רוויה מוחלטת. כל אחת מ-10 המורות חייבת ללמד את כל היום, ללא חלונות וללא גמישות.
  ! [פיזור מקצוע] ו/תורה: 5 מפגשים ב-5 ימים אפשריים — הימים נקבעים מאליהם (ראשון, שלישי, רביעי, חמישי, שישי).
  ! [פיזור מקצוע] ז/תורה: 5 מפגשים ב-5 ימים אפשריים — הימים נקבעים מאליהם (ראשון, שני, שלישי, רביעי, שישי).
  ! [פיזור מקצוע] ח/תורה: 5 מפגשים ב-5 ימים אפשריים — הימים נקבעים מאליהם (ראשון, שני, שלישי, חמישי, שישי).
  ! [פיזור מקצוע] ו/אנגלית: 3 מפגשים ב-3 ימים אפשריים — הימים נקבעים מאליהם (שני, שלישי, רביעי, חמישי).
  ! [פיזור מקצוע] ז/אנגלית: 3 מפגשים ב-3 ימים אפשריים — הימים נקבעים מאליהם (שני, שלישי, רביעי, חמישי).
  ! [פיזור מקצוע] ח/אנגלית: 3 מפגשים ב-3 ימים אפשריים — הימים נקבעים מאליהם (שני, שלישי, רביעי, חמישי).
  ! [פיזור מקצוע] ו/חשבון: 4 מפגשים ב-4 ימים אפשריים — הימים נקבעים מאליהם (ראשון, שני, רביעי, חמישי).
  ! [פיזור מקצוע] ז/חשבון: 4 מפגשים ב-4 ימים אפשריים — הימים נקבעים מאליהם (ראשון, שני, רביעי, חמישי).
  ! [פיזור מקצוע] ח/חשבון: 4 מפגשים ב-4 ימים אפשריים — הימים נקבעים מאליהם (ראשון, שני, רביעי, חמישי).
  ! [כיסוי כיתה] כיתה ב2 בשלישי: 5 שעות נדרשות מול 5 זמינות — כל שעה של כל מורה זמינה חייבת ללכת לכיתה זו.
  ✗ [יום חמישי (§11.2ד)] אלישבע גלילי: ביום המבוקש היא מוגבלת ל-3 שעות (כיתה א מסתיימת בשעה 5, בלי שעה 1 ובלי שעת החלון), וסעיף (ד) מחיל את התקרה הזו על כל ימיה — לכל היותר 15 שעות בשבוע מול 22 שעות שיש לה. (ד) אינו אפשרי עבורה; (א)(ב)(ג) כן, והפותר אוכף אותם.
  ✗ [יום חמישי (§11.2ד)] זהבי ליוי: ביום המבוקש היא מוגבלת ל-3 שעות (כיתה ב1 מסתיימת בשעה 5, בלי שעה 1 ובלי שעת החלון), וסעיף (ד) מחיל את התקרה הזו על כל ימיה — לכל היותר 15 שעות בשבוע מול 22 שעות שיש לה. (ד) אינו אפשרי עבורה; (א)(ב)(ג) כן, והפותר אוכף אותם.
  ✗ [יום חמישי (§11.2ד)] חיה לוי: ביום המבוקש היא מוגבלת ל-3 שעות (כיתה ב2 מסתיימת בשעה 5, בלי שעה 1 ובלי שעת החלון), וסעיף (ד) מחיל את התקרה הזו על כל ימיה — לכל היותר 15 שעות בשבוע מול 23 שעות שיש לה. (ד) אינו אפשרי עבורה; (א)(ב)(ג) כן, והפותר אוכף אותם.
  ✗ [יום חמישי (§11.2ד)] יהודית כהן: ביום המבוקש היא מוגבלת ל-4 שעות (כיתה ג מסתיימת בשעה 6, בלי שעה 1 ובלי שעת החלון), וסעיף (ד) מחיל את התקרה הזו על כל ימיה — לכל היותר 20 שעות בשבוע מול 22 שעות שיש לה. (ד) אינו אפשרי עבורה; (א)(ב)(ג) כן, והפותר אוכף אותם.
  ✗ [יום חמישי (§11.2ד)] סימה ביטון: ביום המבוקש היא מוגבלת ל-4 שעות (כיתה ד1 מסתיימת בשעה 6, בלי שעה 1 ובלי שעת החלון), וסעיף (ד) מחיל את התקרה הזו על כל ימיה — לכל היותר 20 שעות בשבוע מול 22 שעות שיש לה. (ד) אינו אפשרי עבורה; (א)(ב)(ג) כן, והפותר אוכף אותם.
  ✗ [יום חמישי (§11.2ד)] אושרת אלבז: ביום המבוקש היא מוגבלת ל-4 שעות (כיתה ד2 מסתיימת בשעה 6, בלי שעה 1 ובלי שעת החלון), וסעיף (ד) מחיל את התקרה הזו על כל ימיה — לכל היותר 20 שעות בשבוע מול 22 שעות שיש לה. (ד) אינו אפשרי עבורה; (א)(ב)(ג) כן, והפותר אוכף אותם.
  ✗ [יום חמישי (§11.2ד)] תמר אליהו: ביום המבוקש היא מוגבלת ל-4 שעות (כיתה ה מסתיימת בשעה 6, בלי שעה 1 ובלי שעת החלון), וסעיף (ד) מחיל את התקרה הזו על כל ימיה — לכל היותר 20 שעות בשבוע מול 23 שעות שיש לה. (ד) אינו אפשרי עבורה; (א)(ב)(ג) כן, והפותר אוכף אותם.

  7 שגיאות, 18 נקודות מתוחות

── שלב 1: פתרון ──
  זרע התחלה מתוך seed-9100.json (305 מפגשים)
  ניסיון: כל כללי החובה כאילוצים קשיחים  (עד 288 שניות)
